<generatedTop>
  <T>
    <k>
      true ;  false ;  false ;  true ;  false ;  true ;  true ;  false ;  false ;  true ;  false ;  false ;  true ;  true ;  false ;  true ;  false ;  false ;  true ;  false ;  true ;  false ;  true ;  true ;  .Pgm ~> .K
    </k>
  </T>
  <generatedCounter>
    0
  </generatedCounter>
</generatedTop>
