[Error] Compiler: Unrecognized attributes: [badAtt]
Hint: User-defined groups can be added with the group(_) attribute.
	Source(test.k)
	Location(3,18,3,71)
	3 |	  syntax Int ::= r"[\\+-]?[0-9]+" [prefer, token, prec(2), badAtt(10)]
	  .	                 ^~~~~~~~~~~~~~~~~~~~~~~~~~~~~~~~~~~~~~~~~~~~~~~~~~~~~
[Error] Compiler: Unrecognized attributes: [badAtt]
Hint: User-defined groups can be added with the group(_) attribute.
	Source(test.k)
	Location(4,18,4,68)
	4 |	               | Int "+" Int [group(badAttButOkay),badAtt,function]
	  .	                 ^~~~~~~~~~~~~~~~~~~~~~~~~~~~~~~~~~~~~~~~~~~~~~~~~~
[Error] Compiler: Had 2 structural errors.
