<generatedTop>
  <k>
    124 ~> .K
  </k>
  <cell>
    .Map
  </cell>
</generatedTop>
