test-exception-7.kore:6:5: unexpected character '`'

