  <k>
    inSetResult ( Y:MyId in SET
    SetItem ( X:MyId )
    SetItem ( Z:MyId ) ) ~> .K
  </k>
#And
  {
    false
  #Equals
    X:MyId in SET
    SetItem ( Z:MyId )
  }
#And
  {
    false
  #Equals
    Z:MyId in SET
  }
[Error] Prover: backend terminated because the configuration cannot be rewritten further. See output for more details.
