  #Not ( {
    Y
  #Equals
    Z
  } )
#And
  <k>
    intersectResult ( Z:MyId in SetItem ( Y:MyId ) ) ~> .K
  </k>
#And
  {
    false
  #Equals
    Y:MyId in S
  }
[Error] Prover: backend terminated because the configuration cannot be rewritten further. See output for more details.
