  {
    Result:GeneratedTopCell
  #Equals
    <T>
      <k>
        ++ x ~> #freezer_/__IMP-SYNTAX_AExp_AExp_AExp0_ ( 1 ~> . ) ~> #freezer_/__IMP-SYNTAX_AExp_AExp_AExp1_ ( ++ x ~> . ) ~> #freezer_=_;_IMP-SYNTAX_Stmt_Id_AExp1_ ( y ~> . ) ~> .
      </k>
      <env>
        x |-> 0
        y |-> 1
      </env>
      <store>
        0 |-> 1
        1 |-> 0
      </store>
    </T>
  }
#Or
  {
    Result:GeneratedTopCell
  #Equals
    <T>
      <k>
        ++ x ~> #freezer_/__IMP-SYNTAX_AExp_AExp_AExp0_ ( ++ x / x ~> . ) ~> #freezer_=_;_IMP-SYNTAX_Stmt_Id_AExp1_ ( y ~> . ) ~> .
      </k>
      <env>
        x |-> 0
        y |-> 1
      </env>
      <store>
        0 |-> 1
        1 |-> 0
      </store>
    </T>
  }
#Or
  {
    Result:GeneratedTopCell
  #Equals
    <T>
      <k>
        ++ x ~> #freezer_/__IMP-SYNTAX_AExp_AExp_AExp0_ ( x ~> . ) ~> #freezer_/__IMP-SYNTAX_AExp_AExp_AExp1_ ( ++ x ~> . ) ~> #freezer_=_;_IMP-SYNTAX_Stmt_Id_AExp1_ ( y ~> . ) ~> .
      </k>
      <env>
        x |-> 0
        y |-> 1
      </env>
      <store>
        0 |-> 1
        1 |-> 0
      </store>
    </T>
  }
