<T>
  <k>
    print ( "Line  3: x = " , x , "\n" , .Ids ) ; ~> { int x , .Ids ; x = 2 ; print ( "Line  7: x = " , x , "\n" , .Ids ) ; { int x , .Ids ; x = 3 ; print ( "Line 11: x = " , x , "\n" , .Ids ) ; } print ( "Line 13: x = " , x , "\n" , .Ids ) ; } ~> print ( "Line 15: x = " , x , "\n" , .Ids ) ; ~> .
  </k>
  <env>
    x |-> 0
  </env>
  <store>
    0 |-> 1
  </store>
</T>
