<T>
  <k>
    print ( "x = " , .Ids ) ; ~> x = read ( ) ; ~> spawn x = x / 2 ; ~> spawn x = x + 10 ; ~> print ( x , "\n" , .Ids ) ; ~> .
  </k>
  <env>
    x |-> 0
  </env>
  <store>
    0 |-> 0
  </store>
</T>
