
    b.k \
OutputDirectoryTest/b-kompiled/timestamp : \
