  #Not ( {
    _DotVar1
  #Equals
    a ~> _Gen0 ~> _DotVar1 ~> .
  } )
#And
  <k>
    a ~> _Gen0 ~> _DotVar1 ~> .
  </k>
