  {
    V:K
  #Equals
    3 ~> .
  }
#Or
  {
    V:K
  #Equals
    4 ~> .
  }
