  {
    V:K
  #Equals
    32 ~> .
  }
#Or
  {
    V:K
  #Equals
    33 ~> .
  }
