<generatedTop>
  <k>
    0 ~> .K
  </k>
  <c>
    0
  </c>
</generatedTop>
