  #Not ( {
    Y
  #Equals
    Z
  } )
#And
  <k>
    assignmentResult ( MAP [ Y:MyId <- 2 ]
    Z:MyId |-> 3 ) ~> .K
  </k>
#And
  {
    false
  #Equals
    Z:MyId in_keys ( MAP )
  }
[Error] Prover: backend terminated because the configuration cannot be rewritten further. See output for more details.
