  #Not ( {
    Y
  #Equals
    Z
  } )
#And
  <k>
    lookupResult ( MAP [ Z:MyId ] ~> . ) ~> .
  </k>
#And
  {
    false
  #Equals
    Y:MyId in_keys ( MAP )
  }
#And
  {
    true
  #Equals
    Z:MyId in_keys ( MAP
    ( Y:MyId |-> 2 ) )
  }
#And
  {
    true
  #Equals
    Z:MyId in_keys ( MAP )
  }
