  <k>
    lookupResult ( MAP
    ( Y:MyId |-> 2 ) [ Z:MyId ] orDefault 0 ~> . ) ~> .
  </k>
#And
  {
    false
  #Equals
    Y:MyId in_keys ( MAP )
  }
[Error] Prover: backend terminated because the configuration cannot be rewritten further. See output for more details.
