  <k>
    removeResult ( ( MAP
    Z:MyId |-> 1 ) [ Y:MyId <- undef ] [ Z:MyId ] ~> .K ) ~> .K
  </k>
#And
  {
    false
  #Equals
    Z:MyId in_keys ( MAP )
  }
#And
  {
    true
  #Equals
    Z:MyId in_keys ( ( MAP
    Z:MyId |-> 1 ) [ Y:MyId <- undef ] )
  }
[Error] Prover: backend terminated because the configuration cannot be rewritten further. See output for more details.
