{
  S:String
#Equals
  "Start\nIn spawned thread\n"
}
