  {
    S:String
  #Equals
    ""
  }
#Or
  {
    S:String
  #Equals
    "child spawned\n"
  }
