  {
    Out:String
  #Equals
    "x = 11\n"
  }
#Or
  {
    Out:String
  #Equals
    "x = 16\n"
  }
#Or
  {
    Out:String
  #Equals
    "x = 21\n"
  }
#Or
  {
    Out:String
  #Equals
    "x = 33\n"
  }
