  {
    S:String
  #Equals
    "5\n"
  }
#Or
  {
    S:String
  #Equals
    "7\n"
  }
