  {
    Result:GeneratedTopCell
  #Equals
    <k>
      c ~> .
    </k>
  }
#Or
  {
    Result:GeneratedTopCell
  #Equals
    <k>
      d ~> .
    </k>
  }
