<k>
  ListItem ( 45 )
  ListItem ( 50 )
  ListItem ( 40 )
  ListItem ( 45 ) ~> .
</k>
