  S ==K "x = 5\n"
#Or
  S ==K "x = 10\n"
#Or
  S ==K "x = 15\n"
#Or
  S ==K "x = 20\n"
