  {
    Result:GeneratedTopCell
  #Equals
    <T>
      <threads>
        <thread>
          <id>
            0
          </id>
          <k>
            .
          </k>
          <env>
            x |-> 0
            y |-> 1
          </env>
        </thread>
      </threads>
      <store>
        0 |-> 3
        1 |-> 1
      </store>
      <input>
        ListItem ( #buffer ( "\n" ~> . ) )
        ListItem ( "off" )
        ListItem ( #istream ( 0 ) )
      </input>
      <output>
        ListItem ( #ostream ( 1 ) )
        ListItem ( "off" )
        ListItem ( #buffer ( "" ~> . ) )
      </output>
    </T>
  }
#Or
  {
    Result:GeneratedTopCell
  #Equals
    <T>
      <threads>
        <thread>
          <id>
            0
          </id>
          <k>
            .
          </k>
          <env>
            x |-> 0
            y |-> 1
          </env>
        </thread>
      </threads>
      <store>
        0 |-> 3
        1 |-> 2
      </store>
      <input>
        ListItem ( #buffer ( "\n" ~> . ) )
        ListItem ( "off" )
        ListItem ( #istream ( 0 ) )
      </input>
      <output>
        ListItem ( #ostream ( 1 ) )
        ListItem ( "off" )
        ListItem ( #buffer ( "" ~> . ) )
      </output>
    </T>
  }
#Or
  {
    Result:GeneratedTopCell
  #Equals
    <T>
      <threads>
        <thread>
          <id>
            0
          </id>
          <k>
            .
          </k>
          <env>
            x |-> 0
            y |-> 1
          </env>
        </thread>
      </threads>
      <store>
        0 |-> 3
        1 |-> 3
      </store>
      <input>
        ListItem ( #buffer ( "\n" ~> . ) )
        ListItem ( "off" )
        ListItem ( #istream ( 0 ) )
      </input>
      <output>
        ListItem ( #ostream ( 1 ) )
        ListItem ( "off" )
        ListItem ( #buffer ( "" ~> . ) )
      </output>
    </T>
  }
