<generatedTop>
  <k>
    .K
  </k>
  <cells>
    <cell>
      <num>
        0
      </num>
      <data>
        1
      </data>
    </cell> <cell>
      <num>
        5
      </num>
      <data>
        6
      </data>
    </cell>
  </cells>
</generatedTop>
