{
  V:K
#Equals
  [ 10 , 11 , 12 , 13 , 14 , .Bottoms ] ~> .
}
