<generatedTop>
  <k>
    0 ~> .K
  </k>
  <map>
    <entry>
      <key>
        0 ~> .K
      </key>
      <value>
        0 ~> .K
      </value>
    </entry>
  </map>
</generatedTop>
