[Error] Compiler: Inline list declarations are not allowed.
	Source(checkListDecl3.k)
	Location(12,26,12,38)
	12 |	syntax KItem ::= Int "+" List{Int,""}
	   .	                         ^~~~~~~~~~~~
