[Error] Outer Parser: Module DUPLICATEMODULE previously declared at Source(duplicateModule.k) and Location(1,1,3,9)
	Source(duplicateModule.k)
	Location(5,1,7,9)
[Error] Outer Parser: Had 1 outer parsing errors.
