[Error] Compiler: Rule contains macro symbol that was not expanded
	Source(expandMacroEnsures.k)
	Location(12,10,12,49)
	12 |	    rule #foo( X ) => X       ensures  #baz( X )
	   .	         ^~~~~~~~~~~~~~~~~~~~~~~~~~~~~~~~~~~~~~~
[Error] Compiler: Had 1 structural errors after macro expansion.
  while executing phase "expand macros" on sentence at
	Source(expandMacroEnsures.k)
	Location(12,10,12,49)
