  <k>
    b ~> .K
  </k>
#Or
  <k>
    c ~> .K
  </k>
