inj{SortFoo{}, SortKItem{}}(Lbl'Hash'location{SortFoo{}}(Lblfoo'LParRParUnds'TEST'Unds'Foo{}(), \dv{SortString{}}("test.in"), \dv{SortInt{}}("1"), \dv{SortInt{}}("0"), \dv{SortInt{}}("1"), \dv{SortInt{}}("4")))
