{
  T:Type
#Equals
  int -> ( ?T1:Type -> int )
}
