<k>
  lambda y . ( ( lambda x . lambda y0 . ( x y0 ) ) y ) ~> .
</k>
