/* T Fn D Sfa */
Lbl'-LT-'generatedTop'-GT-'{}(
    /* T Fn D Sfa */
    Lbl'-LT-'k'-GT-'{}(
        /* T Fn D Sfa */
        kseq{}(
            /* T Fn D Sfa */
            /* Inj: */ inj{SortInt{}, SortKItem{}}(
                /* T Fn D Sfa */ Var'QuesUnds'Gen0:SortInt{}
            ),
            /* T Fn D Sfa Cl */ dotk{}()
        )
    ),
    /* T Fn D Sfa Cl */
    Lbl'-LT-'generatedCounter'-GT-'{}(/* T Fn D Sfa Cl */ \dv{SortInt{}}("0"))
)
