<generatedTop>
  <k>
    .K
  </k>
  <shouldHeat>
    true
  </shouldHeat>
  <state>
    x |-> 5
  </state>
  <stuff>
    false
  </stuff>
</generatedTop>
