{
  V:K
#Equals
  closure ( x |-> 1 , y , x y ) ~> .K
}
