[Error] Critical: You have to provide exactly one main file in order to do
outer parsing.
