[Error] Inner Parser: Scanner error: unexpected character sequence '"'.
	Source(quote.k)
	Location(6,24,6,25)
	6 |	    rule <k> b""" => b"" </k>
	  .	                       ^
[Error] Compiler: Had 1 parsing errors.
